<?xml version="1.0" encoding="ISO-8859-1" ?>
<link_info>
   <banner>TI ARM Linker Unix v20.2.5.LTS</banner>
   <copyright>Copyright (c) 1996-2018 Texas Instruments Incorporated</copyright>
   <link_time>0x63f6c068</link_time>
   <link_errors>0x0</link_errors>
   <output_file>lab1.out</output_file>
   <entry_point>
      <name>ResetISR</name>
      <address>0x16e5</address>
   </entry_point>
   <input_file_list>
      <input_file id="fl-1">
         <path>./</path>
         <kind>object</kind>
         <file>ccfg.obj</file>
         <name>ccfg.obj</name>
      </input_file>
      <input_file id="fl-2">
         <path>./</path>
         <kind>object</kind>
         <file>main.obj</file>
         <name>main.obj</name>
      </input_file>
      <input_file id="fl-3">
         <path>./</path>
         <kind>object</kind>
         <file>modes.obj</file>
         <name>modes.obj</name>
      </input_file>
      <input_file id="fl-4">
         <path>./</path>
         <kind>object</kind>
         <file>startup_ccs.obj</file>
         <name>startup_ccs.obj</name>
      </input_file>
      <input_file id="fl-5">
         <path>./</path>
         <kind>object</kind>
         <file>systemstate.obj</file>
         <name>systemstate.obj</name>
      </input_file>
      <input_file id="fl-6">
         <path>./</path>
         <kind>object</kind>
         <file>userbuffer.obj</file>
         <name>userbuffer.obj</name>
      </input_file>
      <input_file id="fl-b">
         <kind>object</kind>
         <file>&lt;internal&gt;</file>
         <name>&lt;internal&gt;</name>
      </input_file>
      <input_file id="fl-c">
         <path>/opt/ti/tirtos_cc13xx_cc26xx_2_21_01_08/products/cc13xxware_2_04_03_17272/driverlib/bin/ccs/</path>
         <kind>archive</kind>
         <file>driverlib.lib</file>
         <name>setup.obj</name>
      </input_file>
      <input_file id="fl-d">
         <path>/opt/ti/tirtos_cc13xx_cc26xx_2_21_01_08/products/cc13xxware_2_04_03_17272/driverlib/bin/ccs/</path>
         <kind>archive</kind>
         <file>driverlib.lib</file>
         <name>setup_rom.obj</name>
      </input_file>
      <input_file id="fl-e">
         <path>/opt/ti/tirtos_cc13xx_cc26xx_2_21_01_08/products/cc13xxware_2_04_03_17272/driverlib/bin/ccs/</path>
         <kind>archive</kind>
         <file>driverlib.lib</file>
         <name>timer.obj</name>
      </input_file>
      <input_file id="fl-f">
         <path>/opt/ti/tirtos_cc13xx_cc26xx_2_21_01_08/products/cc13xxware_2_04_03_17272/driverlib/bin/ccs/</path>
         <kind>archive</kind>
         <file>driverlib.lib</file>
         <name>uart.obj</name>
      </input_file>
      <input_file id="fl-10">
         <path>/opt/ti/tirtos_cc13xx_cc26xx_2_21_01_08/products/cc13xxware_2_04_03_17272/driverlib/bin/ccs/</path>
         <kind>archive</kind>
         <file>driverlib.lib</file>
         <name>chipinfo.obj</name>
      </input_file>
      <input_file id="fl-11">
         <path>/opt/ti/tirtos_cc13xx_cc26xx_2_21_01_08/products/cc13xxware_2_04_03_17272/driverlib/bin/ccs/</path>
         <kind>archive</kind>
         <file>driverlib.lib</file>
         <name>ddi.obj</name>
      </input_file>
      <input_file id="fl-12">
         <path>/opt/ti/tirtos_cc13xx_cc26xx_2_21_01_08/products/cc13xxware_2_04_03_17272/driverlib/bin/ccs/</path>
         <kind>archive</kind>
         <file>driverlib.lib</file>
         <name>interrupt.obj</name>
      </input_file>
      <input_file id="fl-13">
         <path>/opt/ti/tirtos_cc13xx_cc26xx_2_21_01_08/products/cc13xxware_2_04_03_17272/driverlib/bin/ccs/</path>
         <kind>archive</kind>
         <file>driverlib.lib</file>
         <name>osc.obj</name>
      </input_file>
      <input_file id="fl-14">
         <path>/opt/ti/tirtos_cc13xx_cc26xx_2_21_01_08/products/cc13xxware_2_04_03_17272/driverlib/bin/ccs/</path>
         <kind>archive</kind>
         <file>driverlib.lib</file>
         <name>adi.obj</name>
      </input_file>
      <input_file id="fl-15">
         <path>/opt/ti/tirtos_cc13xx_cc26xx_2_21_01_08/products/cc13xxware_2_04_03_17272/driverlib/bin/ccs/</path>
         <kind>archive</kind>
         <file>driverlib.lib</file>
         <name>aon_batmon.obj</name>
      </input_file>
      <input_file id="fl-16">
         <path>/opt/ti/tirtos_cc13xx_cc26xx_2_21_01_08/products/cc13xxware_2_04_03_17272/driverlib/bin/ccs/</path>
         <kind>archive</kind>
         <file>driverlib.lib</file>
         <name>aon_rtc.obj</name>
      </input_file>
      <input_file id="fl-17">
         <path>/opt/ti/tirtos_cc13xx_cc26xx_2_21_01_08/products/cc13xxware_2_04_03_17272/driverlib/bin/ccs/</path>
         <kind>archive</kind>
         <file>driverlib.lib</file>
         <name>cpu.obj</name>
      </input_file>
      <input_file id="fl-cd">
         <path>/opt/ti/ccs1040/ccs/tools/compiler/ti-cgt-arm_20.2.5.LTS/lib/</path>
         <kind>archive</kind>
         <file>rtsv7M3_T_le_eabi.lib</file>
         <name>copy_zero_init.c.obj</name>
      </input_file>
      <input_file id="fl-ce">
         <path>/opt/ti/ccs1040/ccs/tools/compiler/ti-cgt-arm_20.2.5.LTS/lib/</path>
         <kind>archive</kind>
         <file>rtsv7M3_T_le_eabi.lib</file>
         <name>copy_decompress_none.c.obj</name>
      </input_file>
      <input_file id="fl-cf">
         <path>/opt/ti/ccs1040/ccs/tools/compiler/ti-cgt-arm_20.2.5.LTS/lib/</path>
         <kind>archive</kind>
         <file>rtsv7M3_T_le_eabi.lib</file>
         <name>copy_decompress_lzss.c.obj</name>
      </input_file>
      <input_file id="fl-d0">
         <path>/opt/ti/ccs1040/ccs/tools/compiler/ti-cgt-arm_20.2.5.LTS/lib/</path>
         <kind>archive</kind>
         <file>rtsv7M3_T_le_eabi.lib</file>
         <name>rand.c.obj</name>
      </input_file>
      <input_file id="fl-d1">
         <path>/opt/ti/ccs1040/ccs/tools/compiler/ti-cgt-arm_20.2.5.LTS/lib/</path>
         <kind>archive</kind>
         <file>rtsv7M3_T_le_eabi.lib</file>
         <name>boot_cortex_m.c.obj</name>
      </input_file>
      <input_file id="fl-d2">
         <path>/opt/ti/ccs1040/ccs/tools/compiler/ti-cgt-arm_20.2.5.LTS/lib/</path>
         <kind>archive</kind>
         <file>rtsv7M3_T_le_eabi.lib</file>
         <name>memcpy_t2.asm.obj</name>
      </input_file>
      <input_file id="fl-d3">
         <path>/opt/ti/ccs1040/ccs/tools/compiler/ti-cgt-arm_20.2.5.LTS/lib/</path>
         <kind>archive</kind>
         <file>rtsv7M3_T_le_eabi.lib</file>
         <name>memset_t2.asm.obj</name>
      </input_file>
      <input_file id="fl-d4">
         <path>/opt/ti/ccs1040/ccs/tools/compiler/ti-cgt-arm_20.2.5.LTS/lib/</path>
         <kind>archive</kind>
         <file>rtsv7M3_T_le_eabi.lib</file>
         <name>autoinit.c.obj</name>
      </input_file>
      <input_file id="fl-d5">
         <path>/opt/ti/ccs1040/ccs/tools/compiler/ti-cgt-arm_20.2.5.LTS/lib/</path>
         <kind>archive</kind>
         <file>rtsv7M3_T_le_eabi.lib</file>
         <name>pre_init.c.obj</name>
      </input_file>
      <input_file id="fl-d6">
         <path>/opt/ti/ccs1040/ccs/tools/compiler/ti-cgt-arm_20.2.5.LTS/lib/</path>
         <kind>archive</kind>
         <file>rtsv7M3_T_le_eabi.lib</file>
         <name>cpy_tbl.c.obj</name>
      </input_file>
      <input_file id="fl-d7">
         <path>/opt/ti/ccs1040/ccs/tools/compiler/ti-cgt-arm_20.2.5.LTS/lib/</path>
         <kind>archive</kind>
         <file>rtsv7M3_T_le_eabi.lib</file>
         <name>exit.c.obj</name>
      </input_file>
      <input_file id="fl-d8">
         <path>/opt/ti/ccs1040/ccs/tools/compiler/ti-cgt-arm_20.2.5.LTS/lib/</path>
         <kind>archive</kind>
         <file>rtsv7M3_T_le_eabi.lib</file>
         <name>_lock.c.obj</name>
      </input_file>
      <input_file id="fl-d9">
         <path>/opt/ti/ccs1040/ccs/tools/compiler/ti-cgt-arm_20.2.5.LTS/lib/</path>
         <kind>archive</kind>
         <file>rtsv7M3_T_le_eabi.lib</file>
         <name>args_main.c.obj</name>
      </input_file>
   </input_file_list>
   <object_component_list>
      <object_component id="oc-1d">
         <name>.intvecs</name>
         <load_address>0x0</load_address>
         <run_address>0x0</run_address>
         <size>0xc8</size>
         <input_file_ref idref="fl-4"/>
      </object_component>
      <object_component id="oc-278">
         <name>.text:interrupt_fn</name>
         <load_address>0xc8</load_address>
         <run_address>0xc8</run_address>
         <size>0x14c</size>
         <input_file_ref idref="fl-2"/>
      </object_component>
      <object_component id="oc-ff">
         <name>.text:NOROM_SetupAfterColdResetWakeupFromShutDownCfg3</name>
         <load_address>0x214</load_address>
         <run_address>0x214</run_address>
         <size>0x130</size>
         <input_file_ref idref="fl-d"/>
      </object_component>
      <object_component id="oc-f9">
         <name>.text:NOROM_SetupAfterColdResetWakeupFromShutDownCfg2</name>
         <load_address>0x344</load_address>
         <run_address>0x344</run_address>
         <size>0xf0</size>
         <input_file_ref idref="fl-d"/>
      </object_component>
      <object_component id="oc-29d">
         <name>.text:UART_Interrupt_Handler</name>
         <load_address>0x434</load_address>
         <run_address>0x434</run_address>
         <size>0xec</size>
         <input_file_ref idref="fl-2"/>
      </object_component>
      <object_component id="oc-408">
         <name>.text:get_current_and_goal_temps</name>
         <load_address>0x520</load_address>
         <run_address>0x520</run_address>
         <size>0xc8</size>
         <input_file_ref idref="fl-5"/>
      </object_component>
      <object_component id="oc-9a">
         <name>.text:TrimAfterColdResetWakeupFromShutDown</name>
         <load_address>0x5e8</load_address>
         <run_address>0x5e8</run_address>
         <size>0xc0</size>
         <input_file_ref idref="fl-c"/>
      </object_component>
      <object_component id="oc-1cb">
         <name>.text:setup_UART_Interrupt</name>
         <load_address>0x6a8</load_address>
         <run_address>0x6a8</run_address>
         <size>0xbc</size>
         <input_file_ref idref="fl-2"/>
      </object_component>
      <object_component id="oc-4f">
         <name>.text:NOROM_SetupTrimDevice</name>
         <load_address>0x764</load_address>
         <run_address>0x764</run_address>
         <size>0xa8</size>
         <input_file_ref idref="fl-c"/>
      </object_component>
      <object_component id="oc-f3">
         <name>.text:NOROM_SetupAfterColdResetWakeupFromShutDownCfg1</name>
         <load_address>0x80c</load_address>
         <run_address>0x80c</run_address>
         <size>0xa4</size>
         <input_file_ref idref="fl-d"/>
      </object_component>
      <object_component id="oc-1c5">
         <name>.text:setup_timer_with_interrupt</name>
         <load_address>0x8b0</load_address>
         <run_address>0x8b0</run_address>
         <size>0xa0</size>
         <input_file_ref idref="fl-2"/>
      </object_component>
      <object_component id="oc-62">
         <name>.text</name>
         <load_address>0x950</load_address>
         <run_address>0x950</run_address>
         <size>0x9c</size>
         <input_file_ref idref="fl-d2"/>
      </object_component>
      <object_component id="oc-34b">
         <name>.text:off_sub_period</name>
         <load_address>0x9ec</load_address>
         <run_address>0x9ec</run_address>
         <size>0x94</size>
         <input_file_ref idref="fl-2"/>
      </object_component>
      <object_component id="oc-38b">
         <name>.text:is_valid_cmd</name>
         <load_address>0xa80</load_address>
         <run_address>0xa80</run_address>
         <size>0x88</size>
         <input_file_ref idref="fl-6"/>
      </object_component>
      <object_component id="oc-13a">
         <name>.text:NOROM_SetupSetVddrLevel</name>
         <load_address>0xb08</load_address>
         <run_address>0xb08</run_address>
         <size>0x74</size>
         <input_file_ref idref="fl-d"/>
      </object_component>
      <object_component id="oc-eb">
         <name>.text:NOROM_ChipInfo_GetHwRevision</name>
         <load_address>0xb7c</load_address>
         <run_address>0xb7c</run_address>
         <size>0x70</size>
         <input_file_ref idref="fl-10"/>
      </object_component>
      <object_component id="oc-165">
         <name>.text:NOROM_SetupGetTrimForAmpcompCtrl</name>
         <load_address>0xbec</load_address>
         <run_address>0xbec</run_address>
         <size>0x6c</size>
         <input_file_ref idref="fl-d"/>
      </object_component>
      <object_component id="oc-141">
         <name>.text:NOROM_SetupGetTrimForAnabypassValue1</name>
         <load_address>0xc58</load_address>
         <run_address>0xc58</run_address>
         <size>0x68</size>
         <input_file_ref idref="fl-d"/>
      </object_component>
      <object_component id="oc-26">
         <name>.text:decompress:lzss:__TI_decompress_lzss</name>
         <load_address>0xcc0</load_address>
         <run_address>0xcc0</run_address>
         <size>0x68</size>
         <input_file_ref idref="fl-cf"/>
      </object_component>
      <object_component id="oc-1a3">
         <name>.text:NOROM_OSCClockSourceSet</name>
         <load_address>0xd28</load_address>
         <run_address>0xd28</run_address>
         <size>0x60</size>
         <input_file_ref idref="fl-13"/>
      </object_component>
      <object_component id="oc-1bf">
         <name>.text:setup_GPIO_LEDs</name>
         <load_address>0xd88</load_address>
         <run_address>0xd88</run_address>
         <size>0x5c</size>
         <input_file_ref idref="fl-2"/>
      </object_component>
      <object_component id="oc-94">
         <name>.text:NOROM_SetupSetCacheModeAccordingToCcfgSetting</name>
         <load_address>0xde4</load_address>
         <run_address>0xde4</run_address>
         <size>0x50</size>
         <input_file_ref idref="fl-d"/>
      </object_component>
      <object_component id="oc-e5">
         <name>.text:NOROM_ChipInfo_GetChipFamily</name>
         <load_address>0xe34</load_address>
         <run_address>0xe34</run_address>
         <size>0x48</size>
         <input_file_ref idref="fl-10"/>
      </object_component>
      <object_component id="oc-333">
         <name>.text:on_sub_period</name>
         <load_address>0xe7c</load_address>
         <run_address>0xe7c</run_address>
         <size>0x48</size>
         <input_file_ref idref="fl-2"/>
      </object_component>
      <object_component id="oc-397">
         <name>.text:interpret_cmd</name>
         <load_address>0xec4</load_address>
         <run_address>0xec4</run_address>
         <size>0x46</size>
         <input_file_ref idref="fl-6"/>
      </object_component>
      <object_component id="oc-40">
         <name>.text:FaultISR</name>
         <load_address>0xf0a</load_address>
         <run_address>0xf0a</run_address>
         <size>0x2</size>
         <input_file_ref idref="fl-4"/>
      </object_component>
      <object_component id="oc-1ee">
         <name>.text:__TI_auto_init_nobinit_nopinit:__TI_auto_init_nobinit_nopinit</name>
         <load_address>0xf0c</load_address>
         <run_address>0xf0c</run_address>
         <size>0x44</size>
         <input_file_ref idref="fl-d4"/>
      </object_component>
      <object_component id="oc-26c">
         <name>.text:NOROM_TimerIntRegister</name>
         <load_address>0xf50</load_address>
         <run_address>0xf50</run_address>
         <size>0x40</size>
         <input_file_ref idref="fl-e"/>
      </object_component>
      <object_component id="oc-1d1">
         <name>.text:enter_sleep_mode</name>
         <load_address>0xf90</load_address>
         <run_address>0xf90</run_address>
         <size>0x38</size>
         <input_file_ref idref="fl-3"/>
      </object_component>
      <object_component id="oc-318">
         <name>.text:NOROM_IntRegister</name>
         <load_address>0xfc8</load_address>
         <run_address>0xfc8</run_address>
         <size>0x34</size>
         <input_file_ref idref="fl-12"/>
      </object_component>
      <object_component id="oc-3af">
         <name>.text:enter_active_mode</name>
         <load_address>0xffc</load_address>
         <run_address>0xffc</run_address>
         <size>0x34</size>
         <input_file_ref idref="fl-3"/>
      </object_component>
      <object_component id="oc-391">
         <name>.text:null_buffer</name>
         <load_address>0x1030</load_address>
         <run_address>0x1030</run_address>
         <size>0x34</size>
         <input_file_ref idref="fl-6"/>
      </object_component>
      <object_component id="oc-3fc">
         <name>.text:rand</name>
         <load_address>0x1064</load_address>
         <run_address>0x1064</run_address>
         <size>0x34</size>
         <input_file_ref idref="fl-d0"/>
      </object_component>
      <object_component id="oc-1a9">
         <name>.text:NOROM_SetupSetAonRtcSubSecInc</name>
         <load_address>0x1098</load_address>
         <run_address>0x1098</run_address>
         <size>0x30</size>
         <input_file_ref idref="fl-d"/>
      </object_component>
      <object_component id="oc-312">
         <name>.text:TimerIntNumberGet</name>
         <load_address>0x10c8</load_address>
         <run_address>0x10c8</run_address>
         <size>0x30</size>
         <input_file_ref idref="fl-e"/>
      </object_component>
      <object_component id="oc-379">
         <name>.text:insert</name>
         <load_address>0x10f8</load_address>
         <run_address>0x10f8</run_address>
         <size>0x30</size>
         <input_file_ref idref="fl-6"/>
      </object_component>
      <object_component id="oc-10d">
         <name>.text:main</name>
         <load_address>0x1128</load_address>
         <run_address>0x1128</run_address>
         <size>0x30</size>
         <input_file_ref idref="fl-2"/>
      </object_component>
      <object_component id="oc-402">
         <name>.text:update_current_temp</name>
         <load_address>0x1158</load_address>
         <run_address>0x1158</run_address>
         <size>0x30</size>
         <input_file_ref idref="fl-5"/>
      </object_component>
      <object_component id="oc-1b9">
         <name>.text:init_b</name>
         <load_address>0x1188</load_address>
         <run_address>0x1188</run_address>
         <size>0x2e</size>
         <input_file_ref idref="fl-6"/>
      </object_component>
      <object_component id="oc-46">
         <name>.text:IntDefaultHandler</name>
         <load_address>0x11b6</load_address>
         <run_address>0x11b6</run_address>
         <size>0x2</size>
         <input_file_ref idref="fl-4"/>
      </object_component>
      <object_component id="oc-147">
         <name>.text:NOROM_DDI32RegWrite</name>
         <load_address>0x11b8</load_address>
         <run_address>0x11b8</run_address>
         <size>0x2c</size>
         <input_file_ref idref="fl-11"/>
      </object_component>
      <object_component id="oc-19d">
         <name>.text:NOROM_OSCClockSourceGet</name>
         <load_address>0x11e4</load_address>
         <run_address>0x11e4</run_address>
         <size>0x2c</size>
         <input_file_ref idref="fl-13"/>
      </object_component>
      <object_component id="oc-18f">
         <name>.text:NOROM_SetupGetTrimForRadcExtCfg</name>
         <load_address>0x1210</load_address>
         <run_address>0x1210</run_address>
         <size>0x2c</size>
         <input_file_ref idref="fl-d"/>
      </object_component>
      <object_component id="oc-339">
         <name>.text:TimerLoadSet</name>
         <load_address>0x123c</load_address>
         <run_address>0x123c</run_address>
         <size>0x2a</size>
         <input_file_ref idref="fl-2"/>
      </object_component>
      <object_component id="oc-433">
         <name>.text:TimerLoadSet</name>
         <load_address>0x1266</load_address>
         <run_address>0x1266</run_address>
         <size>0x2a</size>
         <input_file_ref idref="fl-3"/>
      </object_component>
      <object_component id="oc-272">
         <name>.text:TimerPrescaleSet</name>
         <load_address>0x1290</load_address>
         <run_address>0x1290</run_address>
         <size>0x2a</size>
         <input_file_ref idref="fl-2"/>
      </object_component>
      <object_component id="oc-1b3">
         <name>.text:init_ss</name>
         <load_address>0x12ba</load_address>
         <run_address>0x12ba</run_address>
         <size>0x28</size>
         <input_file_ref idref="fl-5"/>
      </object_component>
      <object_component id="oc-297">
         <name>.text:UARTEnable</name>
         <load_address>0x12e2</load_address>
         <run_address>0x12e2</run_address>
         <size>0x24</size>
         <input_file_ref idref="fl-2"/>
      </object_component>
      <object_component id="oc-3a">
         <name>.text:NmiSR</name>
         <load_address>0x1306</load_address>
         <run_address>0x1306</run_address>
         <size>0x2</size>
         <input_file_ref idref="fl-4"/>
      </object_component>
      <object_component id="oc-b8">
         <name>.text:_c_int00:_c_int00</name>
         <load_address>0x1308</load_address>
         <run_address>0x1308</run_address>
         <size>0x24</size>
         <input_file_ref idref="fl-d1"/>
      </object_component>
      <object_component id="oc-177">
         <name>.text:NOROM_SetupGetTrimForXoscHfCtl</name>
         <load_address>0x132c</load_address>
         <run_address>0x132c</run_address>
         <size>0x20</size>
         <input_file_ref idref="fl-d"/>
      </object_component>
      <object_component id="oc-260">
         <name>.text:TimerDisable</name>
         <load_address>0x134c</load_address>
         <run_address>0x134c</run_address>
         <size>0x1e</size>
         <input_file_ref idref="fl-2"/>
      </object_component>
      <object_component id="oc-2b6">
         <name>.text:TimerDisable</name>
         <load_address>0x136a</load_address>
         <run_address>0x136a</run_address>
         <size>0x1e</size>
         <input_file_ref idref="fl-3"/>
      </object_component>
      <object_component id="oc-345">
         <name>.text:TimerEnable</name>
         <load_address>0x1388</load_address>
         <run_address>0x1388</run_address>
         <size>0x1e</size>
         <input_file_ref idref="fl-2"/>
      </object_component>
      <object_component id="oc-43f">
         <name>.text:TimerEnable</name>
         <load_address>0x13a6</load_address>
         <run_address>0x13a6</run_address>
         <size>0x1e</size>
         <input_file_ref idref="fl-3"/>
      </object_component>
      <object_component id="oc-385">
         <name>.text:UARTCharsAvail</name>
         <load_address>0x13c4</load_address>
         <run_address>0x13c4</run_address>
         <size>0x1e</size>
         <input_file_ref idref="fl-2"/>
      </object_component>
      <object_component id="oc-36d">
         <name>.text:UARTIntStatus</name>
         <load_address>0x13e2</load_address>
         <run_address>0x13e2</run_address>
         <size>0x1e</size>
         <input_file_ref idref="fl-2"/>
      </object_component>
      <object_component id="oc-253">
         <name>.text:GPIO_setOutputEnableDio</name>
         <load_address>0x1400</load_address>
         <run_address>0x1400</run_address>
         <size>0x1c</size>
         <input_file_ref idref="fl-2"/>
      </object_component>
      <object_component id="oc-159">
         <name>.text:NOROM_SetupGetTrimForAmpcompTh2</name>
         <load_address>0x141c</load_address>
         <run_address>0x141c</run_address>
         <size>0x1c</size>
         <input_file_ref idref="fl-d"/>
      </object_component>
      <object_component id="oc-14d">
         <name>.text:NOROM_SetupGetTrimForRcOscLfRtuneCtuneTrim</name>
         <load_address>0x1438</load_address>
         <run_address>0x1438</run_address>
         <size>0x1c</size>
         <input_file_ref idref="fl-d"/>
      </object_component>
      <object_component id="oc-24d">
         <name>.text:PRCMLoadGet</name>
         <load_address>0x1454</load_address>
         <run_address>0x1454</run_address>
         <size>0x1c</size>
         <input_file_ref idref="fl-2"/>
      </object_component>
      <object_component id="oc-6e">
         <name>.text:decompress:ZI:__TI_zero_init_nomemset:__TI_zero_init_nomemset</name>
         <load_address>0x1470</load_address>
         <run_address>0x1470</run_address>
         <size>0x1c</size>
         <input_file_ref idref="fl-cd"/>
      </object_component>
      <object_component id="oc-3f2">
         <name>.text:GPIO_clearDio</name>
         <load_address>0x148c</load_address>
         <run_address>0x148c</run_address>
         <size>0x18</size>
         <input_file_ref idref="fl-2"/>
      </object_component>
      <object_component id="oc-2c2">
         <name>.text:GPIO_clearDio</name>
         <load_address>0x14a4</load_address>
         <run_address>0x14a4</run_address>
         <size>0x18</size>
         <input_file_ref idref="fl-3"/>
      </object_component>
      <object_component id="oc-3ec">
         <name>.text:GPIO_setDio</name>
         <load_address>0x14bc</load_address>
         <run_address>0x14bc</run_address>
         <size>0x18</size>
         <input_file_ref idref="fl-2"/>
      </object_component>
      <object_component id="oc-16b">
         <name>.text:NOROM_SetupGetTrimForAdcShModeEn</name>
         <load_address>0x14d4</load_address>
         <run_address>0x14d4</run_address>
         <size>0x18</size>
         <input_file_ref idref="fl-d"/>
      </object_component>
      <object_component id="oc-171">
         <name>.text:NOROM_SetupGetTrimForAdcShVbufEn</name>
         <load_address>0x14ec</load_address>
         <run_address>0x14ec</run_address>
         <size>0x18</size>
         <input_file_ref idref="fl-d"/>
      </object_component>
      <object_component id="oc-15f">
         <name>.text:NOROM_SetupGetTrimForAmpcompTh1</name>
         <load_address>0x1504</load_address>
         <run_address>0x1504</run_address>
         <size>0x18</size>
         <input_file_ref idref="fl-d"/>
      </object_component>
      <object_component id="oc-17d">
         <name>.text:NOROM_SetupGetTrimForDblrLoopFilterResetVoltage</name>
         <load_address>0x151c</load_address>
         <run_address>0x151c</run_address>
         <size>0x18</size>
         <input_file_ref idref="fl-d"/>
      </object_component>
      <object_component id="oc-183">
         <name>.text:NOROM_SetupGetTrimForRcOscLfIBiasTrim</name>
         <load_address>0x1534</load_address>
         <run_address>0x1534</run_address>
         <size>0x18</size>
         <input_file_ref idref="fl-d"/>
      </object_component>
      <object_component id="oc-189">
         <name>.text:NOROM_SetupGetTrimForXoscLfRegulatorAndCmirrwrRatio</name>
         <load_address>0x154c</load_address>
         <run_address>0x154c</run_address>
         <size>0x18</size>
         <input_file_ref idref="fl-d"/>
      </object_component>
      <object_component id="oc-28b">
         <name>.text:NOROM_UARTIntRegister</name>
         <load_address>0x1564</load_address>
         <run_address>0x1564</run_address>
         <size>0x18</size>
         <input_file_ref idref="fl-f"/>
      </object_component>
      <object_component id="oc-266">
         <name>.text:TimerIntDisable</name>
         <load_address>0x157c</load_address>
         <run_address>0x157c</run_address>
         <size>0x18</size>
         <input_file_ref idref="fl-2"/>
      </object_component>
      <object_component id="oc-2bc">
         <name>.text:TimerIntDisable</name>
         <load_address>0x1594</load_address>
         <run_address>0x1594</run_address>
         <size>0x18</size>
         <input_file_ref idref="fl-3"/>
      </object_component>
      <object_component id="oc-33f">
         <name>.text:TimerIntEnable</name>
         <load_address>0x15ac</load_address>
         <run_address>0x15ac</run_address>
         <size>0x18</size>
         <input_file_ref idref="fl-2"/>
      </object_component>
      <object_component id="oc-439">
         <name>.text:TimerIntEnable</name>
         <load_address>0x15c4</load_address>
         <run_address>0x15c4</run_address>
         <size>0x18</size>
         <input_file_ref idref="fl-3"/>
      </object_component>
      <object_component id="oc-285">
         <name>.text:UARTFIFOLevelSet</name>
         <load_address>0x15dc</load_address>
         <run_address>0x15dc</run_address>
         <size>0x18</size>
         <input_file_ref idref="fl-2"/>
      </object_component>
      <object_component id="oc-291">
         <name>.text:UARTIntEnable</name>
         <load_address>0x15f4</load_address>
         <run_address>0x15f4</run_address>
         <size>0x18</size>
         <input_file_ref idref="fl-2"/>
      </object_component>
      <object_component id="oc-117">
         <name>.text:_args_main</name>
         <load_address>0x160c</load_address>
         <run_address>0x160c</run_address>
         <size>0x18</size>
         <input_file_ref idref="fl-d9"/>
      </object_component>
      <object_component id="oc-418">
         <name>.text:is_full</name>
         <load_address>0x1624</load_address>
         <run_address>0x1624</run_address>
         <size>0x18</size>
         <input_file_ref idref="fl-6"/>
      </object_component>
      <object_component id="oc-8e">
         <name>.text:NOROM_ThisCodeIsBuiltForCC13xxHwRev20AndLater_HaltIfViolated</name>
         <load_address>0x163c</load_address>
         <run_address>0x163c</run_address>
         <size>0x16</size>
         <input_file_ref idref="fl-10"/>
      </object_component>
      <object_component id="oc-27f">
         <name>.text:UARTHwFlowControlDisable</name>
         <load_address>0x1652</load_address>
         <run_address>0x1652</run_address>
         <size>0x16</size>
         <input_file_ref idref="fl-2"/>
      </object_component>
      <object_component id="oc-25a">
         <name>.text:PRCMGPTimerClockDivisionSet</name>
         <load_address>0x1668</load_address>
         <run_address>0x1668</run_address>
         <size>0x14</size>
         <input_file_ref idref="fl-2"/>
      </object_component>
      <object_component id="oc-321">
         <name>.text:TimerIntClear</name>
         <load_address>0x167c</load_address>
         <run_address>0x167c</run_address>
         <size>0x12</size>
         <input_file_ref idref="fl-2"/>
      </object_component>
      <object_component id="oc-42d">
         <name>.text:TimerIntClear</name>
         <load_address>0x168e</load_address>
         <run_address>0x168e</run_address>
         <size>0x12</size>
         <input_file_ref idref="fl-3"/>
      </object_component>
      <object_component id="oc-373">
         <name>.text:UARTIntClear</name>
         <load_address>0x16a0</load_address>
         <run_address>0x16a0</run_address>
         <size>0x12</size>
         <input_file_ref idref="fl-2"/>
      </object_component>
      <object_component id="oc-39d">
         <name>.text:set_goal_temp</name>
         <load_address>0x16b2</load_address>
         <run_address>0x16b2</run_address>
         <size>0x12</size>
         <input_file_ref idref="fl-5"/>
      </object_component>
      <object_component id="oc-197">
         <name>.text:NOROM_SetupGetTrimForXoscHfFastStart</name>
         <load_address>0x16c4</load_address>
         <run_address>0x16c4</run_address>
         <size>0x10</size>
         <input_file_ref idref="fl-d"/>
      </object_component>
      <object_component id="oc-153">
         <name>.text:NOROM_SetupGetTrimForXoscHfIbiastherm</name>
         <load_address>0x16d4</load_address>
         <run_address>0x16d4</run_address>
         <size>0x10</size>
         <input_file_ref idref="fl-d"/>
      </object_component>
      <object_component id="oc-20">
         <name>.text:ResetISR</name>
         <load_address>0x16e4</load_address>
         <run_address>0x16e4</run_address>
         <size>0x10</size>
         <input_file_ref idref="fl-4"/>
      </object_component>
      <object_component id="oc-2aa">
         <name>.text:set_cooling_to_off</name>
         <load_address>0x16f4</load_address>
         <run_address>0x16f4</run_address>
         <size>0x10</size>
         <input_file_ref idref="fl-5"/>
      </object_component>
      <object_component id="oc-3a3">
         <name>.text:set_cooling_to_on</name>
         <load_address>0x1704</load_address>
         <run_address>0x1704</run_address>
         <size>0x10</size>
         <input_file_ref idref="fl-5"/>
      </object_component>
      <object_component id="oc-2b0">
         <name>.text:set_heating_to_off</name>
         <load_address>0x1714</load_address>
         <run_address>0x1714</run_address>
         <size>0x10</size>
         <input_file_ref idref="fl-5"/>
      </object_component>
      <object_component id="oc-3a9">
         <name>.text:set_heating_to_on</name>
         <load_address>0x1724</load_address>
         <run_address>0x1724</run_address>
         <size>0x10</size>
         <input_file_ref idref="fl-5"/>
      </object_component>
      <object_component id="oc-427">
         <name>.text:set_system_state_active</name>
         <load_address>0x1734</load_address>
         <run_address>0x1734</run_address>
         <size>0x10</size>
         <input_file_ref idref="fl-5"/>
      </object_component>
      <object_component id="oc-2a4">
         <name>.text:set_system_state_sleep</name>
         <load_address>0x1744</load_address>
         <run_address>0x1744</run_address>
         <size>0x10</size>
         <input_file_ref idref="fl-5"/>
      </object_component>
      <object_component id="oc-2c">
         <name>.text:decompress:none:__TI_decompress_none</name>
         <load_address>0x1754</load_address>
         <run_address>0x1754</run_address>
         <size>0xe</size>
         <input_file_ref idref="fl-ce"/>
      </object_component>
      <object_component id="oc-37f">
         <name>.text:get_count</name>
         <load_address>0x1762</load_address>
         <run_address>0x1762</run_address>
         <size>0xe</size>
         <input_file_ref idref="fl-6"/>
      </object_component>
      <object_component id="oc-351">
         <name>.text:get_current_temp</name>
         <load_address>0x1770</load_address>
         <run_address>0x1770</run_address>
         <size>0xe</size>
         <input_file_ref idref="fl-5"/>
      </object_component>
      <object_component id="oc-357">
         <name>.text:get_goal_temp</name>
         <load_address>0x177e</load_address>
         <run_address>0x177e</run_address>
         <size>0xe</size>
         <input_file_ref idref="fl-5"/>
      </object_component>
      <object_component id="oc-327">
         <name>.text:get_system_state</name>
         <load_address>0x178c</load_address>
         <run_address>0x178c</run_address>
         <size>0xe</size>
         <input_file_ref idref="fl-5"/>
      </object_component>
      <object_component id="oc-35d">
         <name>.text:should_cool</name>
         <load_address>0x179a</load_address>
         <run_address>0x179a</run_address>
         <size>0xe</size>
         <input_file_ref idref="fl-5"/>
      </object_component>
      <object_component id="oc-32d">
         <name>.text:should_heat</name>
         <load_address>0x17a8</load_address>
         <run_address>0x17a8</run_address>
         <size>0xe</size>
         <input_file_ref idref="fl-5"/>
      </object_component>
      <object_component id="oc-222">
         <name>.text:NOROM_CPUcpsid</name>
         <load_address>0x17b6</load_address>
         <run_address>0x17b6</run_address>
         <size>0xc</size>
         <input_file_ref idref="fl-17"/>
      </object_component>
      <object_component id="oc-228">
         <name>.text:NOROM_CPUcpsie</name>
         <load_address>0x17c2</load_address>
         <run_address>0x17c2</run_address>
         <size>0xc</size>
         <input_file_ref idref="fl-17"/>
      </object_component>
      <object_component id="oc-3c1">
         <name>.text:_nop</name>
         <load_address>0x17ce</load_address>
         <run_address>0x17ce</run_address>
         <size>0x2</size>
         <input_file_ref idref="fl-d8"/>
      </object_component>
      <object_component id="oc-247">
         <name>.text:PRCMLoadSet</name>
         <load_address>0x17d0</load_address>
         <run_address>0x17d0</run_address>
         <size>0xc</size>
         <input_file_ref idref="fl-2"/>
      </object_component>
      <object_component id="oc-1d7">
         <name>.text:PRCMSleep</name>
         <load_address>0x17dc</load_address>
         <run_address>0x17dc</run_address>
         <size>0x8</size>
         <input_file_ref idref="fl-2"/>
      </object_component>
      <object_component id="oc-2ca">
         <name>.text:CPUwfi</name>
         <load_address>0x17e4</load_address>
         <run_address>0x17e4</run_address>
         <size>0x4</size>
         <input_file_ref idref="fl-2"/>
      </object_component>
      <object_component id="oc-107">
         <name>.text:_system_pre_init</name>
         <load_address>0x17e8</load_address>
         <run_address>0x17e8</run_address>
         <size>0x4</size>
         <input_file_ref idref="fl-d5"/>
      </object_component>
      <object_component id="oc-1e2">
         <name>.text:abort:abort</name>
         <load_address>0x17ec</load_address>
         <run_address>0x17ec</run_address>
         <size>0x4</size>
         <input_file_ref idref="fl-d7"/>
      </object_component>
      <object_component id="oc-46c">
         <name>.binit</name>
         <load_address>0x0</load_address>
         <run_address>0x0</run_address>
         <size>0x0</size>
      </object_component>
      <object_component id="oc-4a0">
         <name>.cinit..data.load</name>
         <load_address>0x17f8</load_address>
         <run_address>0x17f8</run_address>
         <size>0x10</size>
      </object_component>
      <object_component id="oc-49d">
         <name>__TI_handler_table</name>
         <load_address>0x1808</load_address>
         <run_address>0x1808</run_address>
         <size>0xc</size>
      </object_component>
      <object_component id="oc-4a1">
         <name>.cinit..bss.load</name>
         <load_address>0x1818</load_address>
         <run_address>0x1818</run_address>
         <size>0x8</size>
      </object_component>
      <object_component id="oc-49f">
         <name>.cinit..vtable_ram.load</name>
         <load_address>0x1820</load_address>
         <run_address>0x1820</run_address>
         <size>0x8</size>
      </object_component>
      <object_component id="oc-49e">
         <name>__TI_cinit_table</name>
         <load_address>0x1828</load_address>
         <run_address>0x1828</run_address>
         <size>0x18</size>
      </object_component>
      <object_component id="oc-34">
         <name>.ccfg:retain</name>
         <load_address>0x1ffa8</load_address>
         <run_address>0x1ffa8</run_address>
         <size>0x58</size>
         <input_file_ref idref="fl-1"/>
      </object_component>
      <object_component id="oc-3e1">
         <name>.vtable_ram</name>
         <uninitialized>true</uninitialized>
         <run_address>0x20000000</run_address>
         <size>0xc8</size>
         <input_file_ref idref="fl-12"/>
      </object_component>
      <object_component id="oc-363">
         <name>.data</name>
         <load_address>0x200000fc</load_address>
         <run_address>0x200000fc</run_address>
         <size>0x4</size>
         <input_file_ref idref="fl-2"/>
      </object_component>
      <object_component id="oc-45b">
         <name>.data</name>
         <load_address>0x20000100</load_address>
         <run_address>0x20000100</run_address>
         <size>0x4</size>
         <input_file_ref idref="fl-d0"/>
      </object_component>
      <object_component id="oc-2e1">
         <name>.data:$O1$$</name>
         <load_address>0x200000f4</load_address>
         <run_address>0x200000f4</run_address>
         <size>0x8</size>
         <input_file_ref idref="fl-d8"/>
      </object_component>
      <object_component id="oc-460">
         <name>.bss:charArray$1</name>
         <uninitialized>true</uninitialized>
         <run_address>0x200000dc</run_address>
         <size>0xc</size>
         <input_file_ref idref="fl-5"/>
      </object_component>
      <object_component id="oc-1dd">
         <name>.common:ss</name>
         <uninitialized>true</uninitialized>
         <run_address>0x200000c8</run_address>
         <size>0x14</size>
      </object_component>
      <object_component id="oc-1e0">
         <name>.common:b</name>
         <uninitialized>true</uninitialized>
         <run_address>0x200000e8</run_address>
         <size>0xc</size>
      </object_component>
      <object_component id="oc-37">
         <name>.stack</name>
         <uninitialized>true</uninitialized>
         <run_address>0x20004f00</run_address>
         <size>0x4</size>
         <input_file_ref idref="fl-d1"/>
      </object_component>
      <object_component id="oc-4a3">
         <name>.stack</name>
         <uninitialized>true</uninitialized>
         <run_address>0x20004f00</run_address>
         <size>0x0</size>
      </object_component>
      <object_component id="oc-7c">
         <name>.debug_info</name>
         <load_address>0x0</load_address>
         <run_address>0x0</run_address>
         <size>0xdf</size>
         <input_file_ref idref="fl-1"/>
      </object_component>
      <object_component id="oc-35">
         <name>.debug_info</name>
         <load_address>0xdf</load_address>
         <run_address>0xdf</run_address>
         <size>0xcc</size>
         <input_file_ref idref="fl-1"/>
      </object_component>
      <object_component id="oc-db">
         <name>.debug_info</name>
         <load_address>0x1ab</load_address>
         <run_address>0x1ab</run_address>
         <size>0x1ee</size>
         <input_file_ref idref="fl-1"/>
      </object_component>
      <object_component id="oc-89">
         <name>.debug_info</name>
         <load_address>0x399</load_address>
         <run_address>0x399</run_address>
         <size>0x26b</size>
         <input_file_ref idref="fl-1"/>
      </object_component>
      <object_component id="oc-5d">
         <name>.debug_info</name>
         <load_address>0x604</load_address>
         <run_address>0x604</run_address>
         <size>0x84</size>
         <input_file_ref idref="fl-1"/>
      </object_component>
      <object_component id="oc-e0">
         <name>.debug_info</name>
         <load_address>0x688</load_address>
         <run_address>0x688</run_address>
         <size>0x2a4</size>
         <input_file_ref idref="fl-1"/>
      </object_component>
      <object_component id="oc-84">
         <name>.debug_info</name>
         <load_address>0x92c</load_address>
         <run_address>0x92c</run_address>
         <size>0xbb</size>
         <input_file_ref idref="fl-1"/>
      </object_component>
      <object_component id="oc-1de">
         <name>.debug_info</name>
         <load_address>0x9e7</load_address>
         <run_address>0x9e7</run_address>
         <size>0x688</size>
         <input_file_ref idref="fl-2"/>
      </object_component>
      <object_component id="oc-364">
         <name>.debug_info</name>
         <load_address>0x106f</load_address>
         <run_address>0x106f</run_address>
         <size>0xe9</size>
         <input_file_ref idref="fl-2"/>
      </object_component>
      <object_component id="oc-2cb">
         <name>.debug_info</name>
         <load_address>0x1158</load_address>
         <run_address>0x1158</run_address>
         <size>0x194</size>
         <input_file_ref idref="fl-2"/>
      </object_component>
      <object_component id="oc-346">
         <name>.debug_info</name>
         <load_address>0x12ec</load_address>
         <run_address>0x12ec</run_address>
         <size>0x20c</size>
         <input_file_ref idref="fl-2"/>
      </object_component>
      <object_component id="oc-261">
         <name>.debug_info</name>
         <load_address>0x14f8</load_address>
         <run_address>0x14f8</run_address>
         <size>0x211</size>
         <input_file_ref idref="fl-2"/>
      </object_component>
      <object_component id="oc-273">
         <name>.debug_info</name>
         <load_address>0x1709</load_address>
         <run_address>0x1709</run_address>
         <size>0x250</size>
         <input_file_ref idref="fl-2"/>
      </object_component>
      <object_component id="oc-33a">
         <name>.debug_info</name>
         <load_address>0x1959</load_address>
         <run_address>0x1959</run_address>
         <size>0x248</size>
         <input_file_ref idref="fl-2"/>
      </object_component>
      <object_component id="oc-340">
         <name>.debug_info</name>
         <load_address>0x1ba1</load_address>
         <run_address>0x1ba1</run_address>
         <size>0x221</size>
         <input_file_ref idref="fl-2"/>
      </object_component>
      <object_component id="oc-267">
         <name>.debug_info</name>
         <load_address>0x1dc2</load_address>
         <run_address>0x1dc2</run_address>
         <size>0x223</size>
         <input_file_ref idref="fl-2"/>
      </object_component>
      <object_component id="oc-322">
         <name>.debug_info</name>
         <load_address>0x1fe5</load_address>
         <run_address>0x1fe5</run_address>
         <size>0x21f</size>
         <input_file_ref idref="fl-2"/>
      </object_component>
      <object_component id="oc-3ed">
         <name>.debug_info</name>
         <load_address>0x2204</load_address>
         <run_address>0x2204</run_address>
         <size>0x1da</size>
         <input_file_ref idref="fl-2"/>
      </object_component>
      <object_component id="oc-3f3">
         <name>.debug_info</name>
         <load_address>0x23de</load_address>
         <run_address>0x23de</run_address>
         <size>0x1de</size>
         <input_file_ref idref="fl-2"/>
      </object_component>
      <object_component id="oc-254">
         <name>.debug_info</name>
         <load_address>0x25bc</load_address>
         <run_address>0x25bc</run_address>
         <size>0x249</size>
         <input_file_ref idref="fl-2"/>
      </object_component>
      <object_component id="oc-286">
         <name>.debug_info</name>
         <load_address>0x2805</load_address>
         <run_address>0x2805</run_address>
         <size>0x25e</size>
         <input_file_ref idref="fl-2"/>
      </object_component>
      <object_component id="oc-298">
         <name>.debug_info</name>
         <load_address>0x2a63</load_address>
         <run_address>0x2a63</run_address>
         <size>0x1d4</size>
         <input_file_ref idref="fl-2"/>
      </object_component>
      <object_component id="oc-386">
         <name>.debug_info</name>
         <load_address>0x2c37</load_address>
         <run_address>0x2c37</run_address>
         <size>0x1e0</size>
         <input_file_ref idref="fl-2"/>
      </object_component>
      <object_component id="oc-292">
         <name>.debug_info</name>
         <load_address>0x2e17</load_address>
         <run_address>0x2e17</run_address>
         <size>0x21d</size>
         <input_file_ref idref="fl-2"/>
      </object_component>
      <object_component id="oc-36e">
         <name>.debug_info</name>
         <load_address>0x3034</load_address>
         <run_address>0x3034</run_address>
         <size>0x20d</size>
         <input_file_ref idref="fl-2"/>
      </object_component>
      <object_component id="oc-374">
         <name>.debug_info</name>
         <load_address>0x3241</load_address>
         <run_address>0x3241</run_address>
         <size>0x21b</size>
         <input_file_ref idref="fl-2"/>
      </object_component>
      <object_component id="oc-280">
         <name>.debug_info</name>
         <load_address>0x345c</load_address>
         <run_address>0x345c</run_address>
         <size>0x1f0</size>
         <input_file_ref idref="fl-2"/>
      </object_component>
      <object_component id="oc-25b">
         <name>.debug_info</name>
         <load_address>0x364c</load_address>
         <run_address>0x364c</run_address>
         <size>0x1ee</size>
         <input_file_ref idref="fl-2"/>
      </object_component>
      <object_component id="oc-248">
         <name>.debug_info</name>
         <load_address>0x383a</load_address>
         <run_address>0x383a</run_address>
         <size>0x1a3</size>
         <input_file_ref idref="fl-2"/>
      </object_component>
      <object_component id="oc-24e">
         <name>.debug_info</name>
         <load_address>0x39dd</load_address>
         <run_address>0x39dd</run_address>
         <size>0x1a7</size>
         <input_file_ref idref="fl-2"/>
      </object_component>
      <object_component id="oc-1d8">
         <name>.debug_info</name>
         <load_address>0x3b84</load_address>
         <run_address>0x3b84</run_address>
         <size>0x1ac</size>
         <input_file_ref idref="fl-2"/>
      </object_component>
      <object_component id="oc-34c">
         <name>.debug_info</name>
         <load_address>0x3d30</load_address>
         <run_address>0x3d30</run_address>
         <size>0x23a</size>
         <input_file_ref idref="fl-2"/>
      </object_component>
      <object_component id="oc-334">
         <name>.debug_info</name>
         <load_address>0x3f6a</load_address>
         <run_address>0x3f6a</run_address>
         <size>0x18c</size>
         <input_file_ref idref="fl-2"/>
      </object_component>
      <object_component id="oc-279">
         <name>.debug_info</name>
         <load_address>0x40f6</load_address>
         <run_address>0x40f6</run_address>
         <size>0x364</size>
         <input_file_ref idref="fl-2"/>
      </object_component>
      <object_component id="oc-29e">
         <name>.debug_info</name>
         <load_address>0x445a</load_address>
         <run_address>0x445a</run_address>
         <size>0x31d</size>
         <input_file_ref idref="fl-2"/>
      </object_component>
      <object_component id="oc-1cc">
         <name>.debug_info</name>
         <load_address>0x4777</load_address>
         <run_address>0x4777</run_address>
         <size>0x1e0</size>
         <input_file_ref idref="fl-2"/>
      </object_component>
      <object_component id="oc-1c0">
         <name>.debug_info</name>
         <load_address>0x4957</load_address>
         <run_address>0x4957</run_address>
         <size>0x186</size>
         <input_file_ref idref="fl-2"/>
      </object_component>
      <object_component id="oc-1c6">
         <name>.debug_info</name>
         <load_address>0x4add</load_address>
         <run_address>0x4add</run_address>
         <size>0x20a</size>
         <input_file_ref idref="fl-2"/>
      </object_component>
      <object_component id="oc-10e">
         <name>.debug_info</name>
         <load_address>0x4ce7</load_address>
         <run_address>0x4ce7</run_address>
         <size>0x18c</size>
         <input_file_ref idref="fl-2"/>
      </object_component>
      <object_component id="oc-2d3">
         <name>.debug_info</name>
         <load_address>0x4e73</load_address>
         <run_address>0x4e73</run_address>
         <size>0x69</size>
         <input_file_ref idref="fl-2"/>
      </object_component>
      <object_component id="oc-2d8">
         <name>.debug_info</name>
         <load_address>0x4edc</load_address>
         <run_address>0x4edc</run_address>
         <size>0x91</size>
         <input_file_ref idref="fl-2"/>
      </object_component>
      <object_component id="oc-134">
         <name>.debug_info</name>
         <load_address>0x4f6d</load_address>
         <run_address>0x4f6d</run_address>
         <size>0x8b</size>
         <input_file_ref idref="fl-2"/>
      </object_component>
      <object_component id="oc-2c9">
         <name>.debug_info</name>
         <load_address>0x4ff8</load_address>
         <run_address>0x4ff8</run_address>
         <size>0x312</size>
         <input_file_ref idref="fl-3"/>
      </object_component>
      <object_component id="oc-440">
         <name>.debug_info</name>
         <load_address>0x530a</load_address>
         <run_address>0x530a</run_address>
         <size>0x20d</size>
         <input_file_ref idref="fl-3"/>
      </object_component>
      <object_component id="oc-2b7">
         <name>.debug_info</name>
         <load_address>0x5517</load_address>
         <run_address>0x5517</run_address>
         <size>0x212</size>
         <input_file_ref idref="fl-3"/>
      </object_component>
      <object_component id="oc-434">
         <name>.debug_info</name>
         <load_address>0x5729</load_address>
         <run_address>0x5729</run_address>
         <size>0x249</size>
         <input_file_ref idref="fl-3"/>
      </object_component>
      <object_component id="oc-43a">
         <name>.debug_info</name>
         <load_address>0x5972</load_address>
         <run_address>0x5972</run_address>
         <size>0x222</size>
         <input_file_ref idref="fl-3"/>
      </object_component>
      <object_component id="oc-2bd">
         <name>.debug_info</name>
         <load_address>0x5b94</load_address>
         <run_address>0x5b94</run_address>
         <size>0x224</size>
         <input_file_ref idref="fl-3"/>
      </object_component>
      <object_component id="oc-42e">
         <name>.debug_info</name>
         <load_address>0x5db8</load_address>
         <run_address>0x5db8</run_address>
         <size>0x220</size>
         <input_file_ref idref="fl-3"/>
      </object_component>
      <object_component id="oc-2c3">
         <name>.debug_info</name>
         <load_address>0x5fd8</load_address>
         <run_address>0x5fd8</run_address>
         <size>0x1df</size>
         <input_file_ref idref="fl-3"/>
      </object_component>
      <object_component id="oc-3b0">
         <name>.debug_info</name>
         <load_address>0x61b7</load_address>
         <run_address>0x61b7</run_address>
         <size>0x195</size>
         <input_file_ref idref="fl-3"/>
      </object_component>
      <object_component id="oc-1d2">
         <name>.debug_info</name>
         <load_address>0x634c</load_address>
         <run_address>0x634c</run_address>
         <size>0x1c7</size>
         <input_file_ref idref="fl-3"/>
      </object_component>
      <object_component id="oc-4e">
         <name>.debug_info</name>
         <load_address>0x6513</load_address>
         <run_address>0x6513</run_address>
         <size>0x255</size>
         <input_file_ref idref="fl-4"/>
      </object_component>
      <object_component id="oc-1e">
         <name>.debug_info</name>
         <load_address>0x6768</load_address>
         <run_address>0x6768</run_address>
         <size>0xde</size>
         <input_file_ref idref="fl-4"/>
      </object_component>
      <object_component id="oc-21">
         <name>.debug_info</name>
         <load_address>0x6846</load_address>
         <run_address>0x6846</run_address>
         <size>0x139</size>
         <input_file_ref idref="fl-4"/>
      </object_component>
      <object_component id="oc-3b">
         <name>.debug_info</name>
         <load_address>0x697f</load_address>
         <run_address>0x697f</run_address>
         <size>0xfc</size>
         <input_file_ref idref="fl-4"/>
      </object_component>
      <object_component id="oc-41">
         <name>.debug_info</name>
         <load_address>0x6a7b</load_address>
         <run_address>0x6a7b</run_address>
         <size>0x102</size>
         <input_file_ref idref="fl-4"/>
      </object_component>
      <object_component id="oc-47">
         <name>.debug_info</name>
         <load_address>0x6b7d</load_address>
         <run_address>0x6b7d</run_address>
         <size>0x114</size>
         <input_file_ref idref="fl-4"/>
      </object_component>
      <object_component id="oc-244">
         <name>.debug_info</name>
         <load_address>0x6c91</load_address>
         <run_address>0x6c91</run_address>
         <size>0x169</size>
         <input_file_ref idref="fl-5"/>
      </object_component>
      <object_component id="oc-358">
         <name>.debug_info</name>
         <load_address>0x6dfa</load_address>
         <run_address>0x6dfa</run_address>
         <size>0x137</size>
         <input_file_ref idref="fl-5"/>
      </object_component>
      <object_component id="oc-39e">
         <name>.debug_info</name>
         <load_address>0x6f31</load_address>
         <run_address>0x6f31</run_address>
         <size>0x166</size>
         <input_file_ref idref="fl-5"/>
      </object_component>
      <object_component id="oc-403">
         <name>.debug_info</name>
         <load_address>0x7097</load_address>
         <run_address>0x7097</run_address>
         <size>0x1b9</size>
         <input_file_ref idref="fl-5"/>
      </object_component>
      <object_component id="oc-352">
         <name>.debug_info</name>
         <load_address>0x7250</load_address>
         <run_address>0x7250</run_address>
         <size>0x13d</size>
         <input_file_ref idref="fl-5"/>
      </object_component>
      <object_component id="oc-328">
         <name>.debug_info</name>
         <load_address>0x738d</load_address>
         <run_address>0x738d</run_address>
         <size>0x13d</size>
         <input_file_ref idref="fl-5"/>
      </object_component>
      <object_component id="oc-2b1">
         <name>.debug_info</name>
         <load_address>0x74ca</load_address>
         <run_address>0x74ca</run_address>
         <size>0x13d</size>
         <input_file_ref idref="fl-5"/>
      </object_component>
      <object_component id="oc-3aa">
         <name>.debug_info</name>
         <load_address>0x7607</load_address>
         <run_address>0x7607</run_address>
         <size>0x13b</size>
         <input_file_ref idref="fl-5"/>
      </object_component>
      <object_component id="oc-3a4">
         <name>.debug_info</name>
         <load_address>0x7742</load_address>
         <run_address>0x7742</run_address>
         <size>0x13b</size>
         <input_file_ref idref="fl-5"/>
      </object_component>
      <object_component id="oc-2ab">
         <name>.debug_info</name>
         <load_address>0x787d</load_address>
         <run_address>0x787d</run_address>
         <size>0x13d</size>
         <input_file_ref idref="fl-5"/>
      </object_component>
      <object_component id="oc-32e">
         <name>.debug_info</name>
         <load_address>0x79ba</load_address>
         <run_address>0x79ba</run_address>
         <size>0x133</size>
         <input_file_ref idref="fl-5"/>
      </object_component>
      <object_component id="oc-35e">
         <name>.debug_info</name>
         <load_address>0x7aed</load_address>
         <run_address>0x7aed</run_address>
         <size>0x133</size>
         <input_file_ref idref="fl-5"/>
      </object_component>
      <object_component id="oc-2a5">
         <name>.debug_info</name>
         <load_address>0x7c20</load_address>
         <run_address>0x7c20</run_address>
         <size>0x145</size>
         <input_file_ref idref="fl-5"/>
      </object_component>
      <object_component id="oc-428">
         <name>.debug_info</name>
         <load_address>0x7d65</load_address>
         <run_address>0x7d65</run_address>
         <size>0x147</size>
         <input_file_ref idref="fl-5"/>
      </object_component>
      <object_component id="oc-409">
         <name>.debug_info</name>
         <load_address>0x7eac</load_address>
         <run_address>0x7eac</run_address>
         <size>0x2d3</size>
         <input_file_ref idref="fl-5"/>
      </object_component>
      <object_component id="oc-1b4">
         <name>.debug_info</name>
         <load_address>0x817f</load_address>
         <run_address>0x817f</run_address>
         <size>0x12a</size>
         <input_file_ref idref="fl-5"/>
      </object_component>
      <object_component id="oc-246">
         <name>.debug_info</name>
         <load_address>0x82a9</load_address>
         <run_address>0x82a9</run_address>
         <size>0x162</size>
         <input_file_ref idref="fl-6"/>
      </object_component>
      <object_component id="oc-392">
         <name>.debug_info</name>
         <load_address>0x840b</load_address>
         <run_address>0x840b</run_address>
         <size>0x142</size>
         <input_file_ref idref="fl-6"/>
      </object_component>
      <object_component id="oc-380">
         <name>.debug_info</name>
         <load_address>0x854d</load_address>
         <run_address>0x854d</run_address>
         <size>0x128</size>
         <input_file_ref idref="fl-6"/>
      </object_component>
      <object_component id="oc-398">
         <name>.debug_info</name>
         <load_address>0x8675</load_address>
         <run_address>0x8675</run_address>
         <size>0x266</size>
         <input_file_ref idref="fl-6"/>
      </object_component>
      <object_component id="oc-38c">
         <name>.debug_info</name>
         <load_address>0x88db</load_address>
         <run_address>0x88db</run_address>
         <size>0x12e</size>
         <input_file_ref idref="fl-6"/>
      </object_component>
      <object_component id="oc-419">
         <name>.debug_info</name>
         <load_address>0x8a09</load_address>
         <run_address>0x8a09</run_address>
         <size>0x124</size>
         <input_file_ref idref="fl-6"/>
      </object_component>
      <object_component id="oc-37a">
         <name>.debug_info</name>
         <load_address>0x8b2d</load_address>
         <run_address>0x8b2d</run_address>
         <size>0x14f</size>
         <input_file_ref idref="fl-6"/>
      </object_component>
      <object_component id="oc-1ba">
         <name>.debug_info</name>
         <load_address>0x8c7c</load_address>
         <run_address>0x8c7c</run_address>
         <size>0x11e</size>
         <input_file_ref idref="fl-6"/>
      </object_component>
      <object_component id="oc-106">
         <name>.debug_info</name>
         <load_address>0x8d9a</load_address>
         <run_address>0x8d9a</run_address>
         <size>0x3e7</size>
         <input_file_ref idref="fl-c"/>
      </object_component>
      <object_component id="oc-9b">
         <name>.debug_info</name>
         <load_address>0x9181</load_address>
         <run_address>0x9181</run_address>
         <size>0x2fa</size>
         <input_file_ref idref="fl-c"/>
      </object_component>
      <object_component id="oc-50">
         <name>.debug_info</name>
         <load_address>0x947b</load_address>
         <run_address>0x947b</run_address>
         <size>0x274</size>
         <input_file_ref idref="fl-c"/>
      </object_component>
      <object_component id="oc-12f">
         <name>.debug_info</name>
         <load_address>0x96ef</load_address>
         <run_address>0x96ef</run_address>
         <size>0x1c4</size>
         <input_file_ref idref="fl-c"/>
      </object_component>
      <object_component id="oc-303">
         <name>.debug_info</name>
         <load_address>0x98b3</load_address>
         <run_address>0x98b3</run_address>
         <size>0x46</size>
         <input_file_ref idref="fl-c"/>
      </object_component>
      <object_component id="oc-a1">
         <name>.debug_info</name>
         <load_address>0x98f9</load_address>
         <run_address>0x98f9</run_address>
         <size>0x18b</size>
         <input_file_ref idref="fl-c"/>
      </object_component>
      <object_component id="oc-196">
         <name>.debug_info</name>
         <load_address>0x9a84</load_address>
         <run_address>0x9a84</run_address>
         <size>0x280</size>
         <input_file_ref idref="fl-d"/>
      </object_component>
      <object_component id="oc-13b">
         <name>.debug_info</name>
         <load_address>0x9d04</load_address>
         <run_address>0x9d04</run_address>
         <size>0x2a0</size>
         <input_file_ref idref="fl-d"/>
      </object_component>
      <object_component id="oc-95">
         <name>.debug_info</name>
         <load_address>0x9fa4</load_address>
         <run_address>0x9fa4</run_address>
         <size>0x1da</size>
         <input_file_ref idref="fl-d"/>
      </object_component>
      <object_component id="oc-1aa">
         <name>.debug_info</name>
         <load_address>0xa17e</load_address>
         <run_address>0xa17e</run_address>
         <size>0x1cf</size>
         <input_file_ref idref="fl-d"/>
      </object_component>
      <object_component id="oc-18a">
         <name>.debug_info</name>
         <load_address>0xa34d</load_address>
         <run_address>0xa34d</run_address>
         <size>0x282</size>
         <input_file_ref idref="fl-d"/>
      </object_component>
      <object_component id="oc-154">
         <name>.debug_info</name>
         <load_address>0xa5cf</load_address>
         <run_address>0xa5cf</run_address>
         <size>0x1d0</size>
         <input_file_ref idref="fl-d"/>
      </object_component>
      <object_component id="oc-198">
         <name>.debug_info</name>
         <load_address>0xa79f</load_address>
         <run_address>0xa79f</run_address>
         <size>0x1e4</size>
         <input_file_ref idref="fl-d"/>
      </object_component>
      <object_component id="oc-178">
         <name>.debug_info</name>
         <load_address>0xa983</load_address>
         <run_address>0xa983</run_address>
         <size>0x249</size>
         <input_file_ref idref="fl-d"/>
      </object_component>
      <object_component id="oc-14e">
         <name>.debug_info</name>
         <load_address>0xabcc</load_address>
         <run_address>0xabcc</run_address>
         <size>0x1da</size>
         <input_file_ref idref="fl-d"/>
      </object_component>
      <object_component id="oc-184">
         <name>.debug_info</name>
         <load_address>0xada6</load_address>
         <run_address>0xada6</run_address>
         <size>0x24a</size>
         <input_file_ref idref="fl-d"/>
      </object_component>
      <object_component id="oc-190">
         <name>.debug_info</name>
         <load_address>0xaff0</load_address>
         <run_address>0xaff0</run_address>
         <size>0x24d</size>
         <input_file_ref idref="fl-d"/>
      </object_component>
      <object_component id="oc-17e">
         <name>.debug_info</name>
         <load_address>0xb23d</load_address>
         <run_address>0xb23d</run_address>
         <size>0x264</size>
         <input_file_ref idref="fl-d"/>
      </object_component>
      <object_component id="oc-142">
         <name>.debug_info</name>
         <load_address>0xb4a1</load_address>
         <run_address>0xb4a1</run_address>
         <size>0x29d</size>
         <input_file_ref idref="fl-d"/>
      </object_component>
      <object_component id="oc-15a">
         <name>.debug_info</name>
         <load_address>0xb73e</load_address>
         <run_address>0xb73e</run_address>
         <size>0x1c6</size>
         <input_file_ref idref="fl-d"/>
      </object_component>
      <object_component id="oc-160">
         <name>.debug_info</name>
         <load_address>0xb904</load_address>
         <run_address>0xb904</run_address>
         <size>0x1c6</size>
         <input_file_ref idref="fl-d"/>
      </object_component>
      <object_component id="oc-166">
         <name>.debug_info</name>
         <load_address>0xbaca</load_address>
         <run_address>0xbaca</run_address>
         <size>0x2d4</size>
         <input_file_ref idref="fl-d"/>
      </object_component>
      <object_component id="oc-172">
         <name>.debug_info</name>
         <load_address>0xbd9e</load_address>
         <run_address>0xbd9e</run_address>
         <size>0x23c</size>
         <input_file_ref idref="fl-d"/>
      </object_component>
      <object_component id="oc-16c">
         <name>.debug_info</name>
         <load_address>0xbfda</load_address>
         <run_address>0xbfda</run_address>
         <size>0x23c</size>
         <input_file_ref idref="fl-d"/>
      </object_component>
      <object_component id="oc-100">
         <name>.debug_info</name>
         <load_address>0xc216</load_address>
         <run_address>0xc216</run_address>
         <size>0x39f</size>
         <input_file_ref idref="fl-d"/>
      </object_component>
      <object_component id="oc-fa">
         <name>.debug_info</name>
         <load_address>0xc5b5</load_address>
         <run_address>0xc5b5</run_address>
         <size>0x56b</size>
         <input_file_ref idref="fl-d"/>
      </object_component>
      <object_component id="oc-f4">
         <name>.debug_info</name>
         <load_address>0xcb20</load_address>
         <run_address>0xcb20</run_address>
         <size>0x2cb</size>
         <input_file_ref idref="fl-d"/>
      </object_component>
      <object_component id="oc-31f">
         <name>.debug_info</name>
         <load_address>0xcdeb</load_address>
         <run_address>0xcdeb</run_address>
         <size>0x22a</size>
         <input_file_ref idref="fl-e"/>
      </object_component>
      <object_component id="oc-313">
         <name>.debug_info</name>
         <load_address>0xd015</load_address>
         <run_address>0xd015</run_address>
         <size>0x1b7</size>
         <input_file_ref idref="fl-e"/>
      </object_component>
      <object_component id="oc-26d">
         <name>.debug_info</name>
         <load_address>0xd1cc</load_address>
         <run_address>0xd1cc</run_address>
         <size>0x275</size>
         <input_file_ref idref="fl-e"/>
      </object_component>
      <object_component id="oc-36a">
         <name>.debug_info</name>
         <load_address>0xd441</load_address>
         <run_address>0xd441</run_address>
         <size>0x229</size>
         <input_file_ref idref="fl-f"/>
      </object_component>
      <object_component id="oc-28c">
         <name>.debug_info</name>
         <load_address>0xd66a</load_address>
         <run_address>0xd66a</run_address>
         <size>0x1cf</size>
         <input_file_ref idref="fl-f"/>
      </object_component>
      <object_component id="oc-e6">
         <name>.debug_info</name>
         <load_address>0xd839</load_address>
         <run_address>0xd839</run_address>
         <size>0x1c9</size>
         <input_file_ref idref="fl-10"/>
      </object_component>
      <object_component id="oc-ec">
         <name>.debug_info</name>
         <load_address>0xda02</load_address>
         <run_address>0xda02</run_address>
         <size>0x21a</size>
         <input_file_ref idref="fl-10"/>
      </object_component>
      <object_component id="oc-8f">
         <name>.debug_info</name>
         <load_address>0xdc1c</load_address>
         <run_address>0xdc1c</run_address>
         <size>0x217</size>
         <input_file_ref idref="fl-10"/>
      </object_component>
      <object_component id="oc-22f">
         <name>.debug_info</name>
         <load_address>0xde33</load_address>
         <run_address>0xde33</run_address>
         <size>0x1fd</size>
         <input_file_ref idref="fl-11"/>
      </object_component>
      <object_component id="oc-148">
         <name>.debug_info</name>
         <load_address>0xe030</load_address>
         <run_address>0xe030</run_address>
         <size>0x25a</size>
         <input_file_ref idref="fl-11"/>
      </object_component>
      <object_component id="oc-3e5">
         <name>.debug_info</name>
         <load_address>0xe28a</load_address>
         <run_address>0xe28a</run_address>
         <size>0x262</size>
         <input_file_ref idref="fl-12"/>
      </object_component>
      <object_component id="oc-3e2">
         <name>.debug_info</name>
         <load_address>0xe4ec</load_address>
         <run_address>0xe4ec</run_address>
         <size>0x122</size>
         <input_file_ref idref="fl-12"/>
      </object_component>
      <object_component id="oc-319">
         <name>.debug_info</name>
         <load_address>0xe60e</load_address>
         <run_address>0xe60e</run_address>
         <size>0x219</size>
         <input_file_ref idref="fl-12"/>
      </object_component>
      <object_component id="oc-240">
         <name>.debug_info</name>
         <load_address>0xe827</load_address>
         <run_address>0xe827</run_address>
         <size>0x27b</size>
         <input_file_ref idref="fl-13"/>
      </object_component>
      <object_component id="oc-1a4">
         <name>.debug_info</name>
         <load_address>0xeaa2</load_address>
         <run_address>0xeaa2</run_address>
         <size>0x1f5</size>
         <input_file_ref idref="fl-13"/>
      </object_component>
      <object_component id="oc-19e">
         <name>.debug_info</name>
         <load_address>0xec97</load_address>
         <run_address>0xec97</run_address>
         <size>0x1bd</size>
         <input_file_ref idref="fl-13"/>
      </object_component>
      <object_component id="oc-229">
         <name>.debug_info</name>
         <load_address>0xee54</load_address>
         <run_address>0xee54</run_address>
         <size>0x16b</size>
         <input_file_ref idref="fl-17"/>
      </object_component>
      <object_component id="oc-223">
         <name>.debug_info</name>
         <load_address>0xefbf</load_address>
         <run_address>0xefbf</run_address>
         <size>0x16a</size>
         <input_file_ref idref="fl-17"/>
      </object_component>
      <object_component id="oc-d2">
         <name>.debug_info</name>
         <load_address>0xf129</load_address>
         <run_address>0xf129</run_address>
         <size>0x1a6</size>
         <input_file_ref idref="fl-cd"/>
      </object_component>
      <object_component id="oc-71">
         <name>.debug_info</name>
         <load_address>0xf2cf</load_address>
         <run_address>0xf2cf</run_address>
         <size>0x1d2</size>
         <input_file_ref idref="fl-cd"/>
      </object_component>
      <object_component id="oc-cd">
         <name>.debug_info</name>
         <load_address>0xf4a1</load_address>
         <run_address>0xf4a1</run_address>
         <size>0x46</size>
         <input_file_ref idref="fl-cd"/>
      </object_component>
      <object_component id="oc-126">
         <name>.debug_info</name>
         <load_address>0xf4e7</load_address>
         <run_address>0xf4e7</run_address>
         <size>0x2c</size>
         <input_file_ref idref="fl-cd"/>
      </object_component>
      <object_component id="oc-6d">
         <name>.debug_info</name>
         <load_address>0xf513</load_address>
         <run_address>0xf513</run_address>
         <size>0x17a</size>
         <input_file_ref idref="fl-ce"/>
      </object_component>
      <object_component id="oc-2d">
         <name>.debug_info</name>
         <load_address>0xf68d</load_address>
         <run_address>0xf68d</run_address>
         <size>0x1ea</size>
         <input_file_ref idref="fl-ce"/>
      </object_component>
      <object_component id="oc-68">
         <name>.debug_info</name>
         <load_address>0xf877</load_address>
         <run_address>0xf877</run_address>
         <size>0x46</size>
         <input_file_ref idref="fl-ce"/>
      </object_component>
      <object_component id="oc-c5">
         <name>.debug_info</name>
         <load_address>0xf8bd</load_address>
         <run_address>0xf8bd</run_address>
         <size>0x2c</size>
         <input_file_ref idref="fl-ce"/>
      </object_component>
      <object_component id="oc-c3">
         <name>.debug_info</name>
         <load_address>0xf8e9</load_address>
         <run_address>0xf8e9</run_address>
         <size>0x170</size>
         <input_file_ref idref="fl-cf"/>
      </object_component>
      <object_component id="oc-27">
         <name>.debug_info</name>
         <load_address>0xfa59</load_address>
         <run_address>0xfa59</run_address>
         <size>0x250</size>
         <input_file_ref idref="fl-cf"/>
      </object_component>
      <object_component id="oc-58">
         <name>.debug_info</name>
         <load_address>0xfca9</load_address>
         <run_address>0xfca9</run_address>
         <size>0x60</size>
         <input_file_ref idref="fl-cf"/>
      </object_component>
      <object_component id="oc-11f">
         <name>.debug_info</name>
         <load_address>0xfd09</load_address>
         <run_address>0xfd09</run_address>
         <size>0x46</size>
         <input_file_ref idref="fl-cf"/>
      </object_component>
      <object_component id="oc-be">
         <name>.debug_info</name>
         <load_address>0xfd4f</load_address>
         <run_address>0xfd4f</run_address>
         <size>0x39</size>
         <input_file_ref idref="fl-cf"/>
      </object_component>
      <object_component id="oc-45c">
         <name>.debug_info</name>
         <load_address>0xfd88</load_address>
         <run_address>0xfd88</run_address>
         <size>0xfb</size>
         <input_file_ref idref="fl-d0"/>
      </object_component>
      <object_component id="oc-3fd">
         <name>.debug_info</name>
         <load_address>0xfe83</load_address>
         <run_address>0xfe83</run_address>
         <size>0x13d</size>
         <input_file_ref idref="fl-d0"/>
      </object_component>
      <object_component id="oc-38">
         <name>.debug_info</name>
         <load_address>0xffc0</load_address>
         <run_address>0xffc0</run_address>
         <size>0x10b</size>
         <input_file_ref idref="fl-d1"/>
      </object_component>
      <object_component id="oc-b9">
         <name>.debug_info</name>
         <load_address>0x100cb</load_address>
         <run_address>0x100cb</run_address>
         <size>0x1a1</size>
         <input_file_ref idref="fl-d1"/>
      </object_component>
      <object_component id="oc-63">
         <name>.debug_info</name>
         <load_address>0x1026c</load_address>
         <run_address>0x1026c</run_address>
         <size>0x119</size>
         <input_file_ref idref="fl-d2"/>
      </object_component>
      <object_component id="oc-2e8">
         <name>.debug_info</name>
         <load_address>0x10385</load_address>
         <run_address>0x10385</run_address>
         <size>0x385</size>
         <input_file_ref idref="fl-d4"/>
      </object_component>
      <object_component id="oc-1ef">
         <name>.debug_info</name>
         <load_address>0x1070a</load_address>
         <run_address>0x1070a</run_address>
         <size>0x1e0</size>
         <input_file_ref idref="fl-d4"/>
      </object_component>
      <object_component id="oc-3cf">
         <name>.debug_info</name>
         <load_address>0x108ea</load_address>
         <run_address>0x108ea</run_address>
         <size>0x39</size>
         <input_file_ref idref="fl-d4"/>
      </object_component>
      <object_component id="oc-449">
         <name>.debug_info</name>
         <load_address>0x10923</load_address>
         <run_address>0x10923</run_address>
         <size>0x39</size>
         <input_file_ref idref="fl-d4"/>
      </object_component>
      <object_component id="oc-3d4">
         <name>.debug_info</name>
         <load_address>0x1095c</load_address>
         <run_address>0x1095c</run_address>
         <size>0x39</size>
         <input_file_ref idref="fl-d4"/>
      </object_component>
      <object_component id="oc-3d9">
         <name>.debug_info</name>
         <load_address>0x10995</load_address>
         <run_address>0x10995</run_address>
         <size>0xcd</size>
         <input_file_ref idref="fl-d4"/>
      </object_component>
      <object_component id="oc-108">
         <name>.debug_info</name>
         <load_address>0x10a62</load_address>
         <run_address>0x10a62</run_address>
         <size>0x153</size>
         <input_file_ref idref="fl-d5"/>
      </object_component>
      <object_component id="oc-1e3">
         <name>.debug_info</name>
         <load_address>0x10bb5</load_address>
         <run_address>0x10bb5</run_address>
         <size>0x122</size>
         <input_file_ref idref="fl-d7"/>
[...]
      <memory_area display="yes" color="green">
         <name>GPRAM</name>
         <page_id>0x0</page_id>
         <origin>0x11000000</origin>
         <length>0x2000</length>
         <used_space>0x0</used_space>
         <unused_space>0x2000</unused_space>
         <attributes>RWX</attributes>
         <usage_details>
         </usage_details>
      </memory_area>
      <memory_area display="yes" color="green">
         <name>SRAM</name>
         <page_id>0x0</page_id>
         <origin>0x20000000</origin>
         <length>0x5000</length>
         <used_space>0x204</used_space>
         <unused_space>0x4dfc</unused_space>
         <attributes>RWX</attributes>
         <usage_details>
            <allocated_space>
               <start_address>0x20000000</start_address>
               <size>0x0</size>
               <logical_group_ref idref="lg-46b"/>
            </allocated_space>
            <allocated_space>
               <start_address>0x20000000</start_address>
               <size>0xc8</size>
               <logical_group_ref idref="lg-f"/>
            </allocated_space>
            <allocated_space>
               <start_address>0x200000c8</start_address>
               <size>0x2c</size>
               <logical_group_ref idref="lg-12"/>
            </allocated_space>
            <allocated_space>
               <start_address>0x200000f4</start_address>
               <size>0x10</size>
               <logical_group_ref idref="lg-11"/>
            </allocated_space>
            <available_space>
               <start_address>0x20000104</start_address>
               <size>0x4dfc</size>
            </available_space>
            <allocated_space>
               <start_address>0x20004f00</start_address>
               <size>0x100</size>
               <logical_group_ref idref="lg-14"/>
            </allocated_space>
         </usage_details>
      </memory_area>
   </placement_map>
   <cptbl_list>
      <cptbl>
         <name>__TI_cinit_table</name>
         <cprec>
            <name>.data</name>
            <load_address>0x17f8</load_address>
            <load_size>0x10</load_size>
            <run_address>0x200000f4</run_address>
            <run_size>0x10</run_size>
            <compression>lzss</compression>
         </cprec>
         <cprec>
            <name>.bss</name>
            <load_address>0x1818</load_address>
            <load_size>0x8</load_size>
            <run_address>0x200000c8</run_address>
            <run_size>0x2c</run_size>
            <compression>zero_init</compression>
         </cprec>
         <cprec>
            <name>.vtable_ram</name>
            <load_address>0x1820</load_address>
            <load_size>0x8</load_size>
            <run_address>0x20000000</run_address>
            <run_size>0xc8</run_size>
            <compression>zero_init</compression>
         </cprec>
      </cptbl>
   </cptbl_list>
   <handler_table>
      <handler_table_name>__TI_handler_table</handler_table_name>
      <handler>
         <index>0x0</index>
         <name>__TI_zero_init</name>
      </handler>
      <handler>
         <index>0x1</index>
         <name>__TI_decompress_lzss</name>
      </handler>
      <handler>
         <index>0x2</index>
         <name>__TI_decompress_none</name>
      </handler>
   </handler_table>
   <symbol_table>
      <symbol id="sm-1">
         <name>__STACK_TOP</name>
         <value>0x20005000</value>
      </symbol>
      <symbol id="sm-2">
         <name>__start___llvm_prf_cnts</name>
         <value>0x20000000</value>
      </symbol>
      <symbol id="sm-3">
         <name>__stop___llvm_prf_cnts</name>
         <value>0x20000000</value>
      </symbol>
      <symbol id="sm-4">
         <name>__TI_CINIT_Base</name>
         <value>0x1828</value>
      </symbol>
      <symbol id="sm-5">
         <name>__TI_CINIT_Limit</name>
         <value>0x1840</value>
      </symbol>
      <symbol id="sm-6">
         <name>__TI_Handler_Table_Base</name>
         <value>0x1808</value>
      </symbol>
      <symbol id="sm-7">
         <name>__TI_Handler_Table_Limit</name>
         <value>0x1814</value>
      </symbol>
      <symbol id="sm-8">
         <name>binit</name>
         <value>0xffffffff</value>
      </symbol>
      <symbol id="sm-9">
         <name>__binit__</name>
         <value>0xffffffff</value>
      </symbol>
      <symbol id="sm-a">
         <name>__STACK_SIZE</name>
         <value>0x100</value>
      </symbol>
      <symbol id="sm-b">
         <name>__STACK_END</name>
         <value>0x20005000</value>
      </symbol>
      <symbol id="sm-c">
         <name>__c_args__</name>
         <value>0x17f0</value>
      </symbol>
      <symbol id="sm-d">
         <name>__TI_pprof_out_hndl</name>
         <value>0xffffffff</value>
      </symbol>
      <symbol id="sm-e">
         <name>__TI_prof_data_start</name>
         <value>0xffffffff</value>
      </symbol>
      <symbol id="sm-f">
         <name>__TI_prof_data_size</name>
         <value>0xffffffff</value>
      </symbol>
      <symbol id="sm-55">
         <name>__ccfg</name>
         <value>0x1ffa8</value>
         <object_component_ref idref="oc-34"/>
      </symbol>
      <symbol id="sm-1cc">
         <name>ss</name>
         <value>0x200000c8</value>
      </symbol>
      <symbol id="sm-1cd">
         <name>b</name>
         <value>0x200000e8</value>
      </symbol>
      <symbol id="sm-1ce">
         <name>global_period_tracker</name>
         <value>0x200000fc</value>
         <object_component_ref idref="oc-363"/>
      </symbol>
      <symbol id="sm-1cf">
         <name>interrupt_fn</name>
         <value>0xc9</value>
         <object_component_ref idref="oc-278"/>
      </symbol>
      <symbol id="sm-1d0">
         <name>main</name>
         <value>0x1129</value>
         <object_component_ref idref="oc-10d"/>
      </symbol>
      <symbol id="sm-1d1">
         <name>setup_timer_with_interrupt</name>
         <value>0x8b1</value>
         <object_component_ref idref="oc-1c5"/>
      </symbol>
      <symbol id="sm-1d2">
         <name>on_sub_period</name>
         <value>0xe7d</value>
         <object_component_ref idref="oc-333"/>
      </symbol>
      <symbol id="sm-1d3">
         <name>setup_UART_Interrupt</name>
         <value>0x6a9</value>
         <object_component_ref idref="oc-1cb"/>
      </symbol>
      <symbol id="sm-1d4">
         <name>setup_GPIO_LEDs</name>
         <value>0xd89</value>
         <object_component_ref idref="oc-1bf"/>
      </symbol>
      <symbol id="sm-1d5">
         <name>UART_Interrupt_Handler</name>
         <value>0x435</value>
         <object_component_ref idref="oc-29d"/>
      </symbol>
      <symbol id="sm-1d6">
         <name>off_sub_period</name>
         <value>0x9ed</value>
         <object_component_ref idref="oc-34b"/>
      </symbol>
      <symbol id="sm-232">
         <name>enter_sleep_mode</name>
         <value>0xf91</value>
         <object_component_ref idref="oc-1d1"/>
      </symbol>
      <symbol id="sm-233">
         <name>enter_active_mode</name>
         <value>0xffd</value>
         <object_component_ref idref="oc-3af"/>
      </symbol>
      <symbol id="sm-264">
         <name>ResetISR</name>
         <value>0x16e5</value>
         <object_component_ref idref="oc-20"/>
      </symbol>
      <symbol id="sm-265">
         <name>g_pfnVectors</name>
         <value>0x0</value>
         <object_component_ref idref="oc-1d"/>
      </symbol>
      <symbol id="sm-2f0">
         <name>set_heating_to_off</name>
         <value>0x1715</value>
         <object_component_ref idref="oc-2b0"/>
      </symbol>
      <symbol id="sm-2f1">
         <name>should_cool</name>
         <value>0x179b</value>
         <object_component_ref idref="oc-35d"/>
      </symbol>
      <symbol id="sm-2f2">
         <name>set_system_state_sleep</name>
         <value>0x1745</value>
         <object_component_ref idref="oc-2a4"/>
      </symbol>
      <symbol id="sm-2f3">
         <name>get_goal_temp</name>
         <value>0x177f</value>
         <object_component_ref idref="oc-357"/>
      </symbol>
      <symbol id="sm-2f4">
         <name>set_cooling_to_off</name>
         <value>0x16f5</value>
         <object_component_ref idref="oc-2aa"/>
      </symbol>
      <symbol id="sm-2f5">
         <name>set_goal_temp</name>
         <value>0x16b3</value>
         <object_component_ref idref="oc-39d"/>
      </symbol>
      <symbol id="sm-2f6">
         <name>init_ss</name>
         <value>0x12bb</value>
         <object_component_ref idref="oc-1b3"/>
      </symbol>
      <symbol id="sm-2f7">
         <name>get_current_and_goal_temps</name>
         <value>0x521</value>
         <object_component_ref idref="oc-408"/>
      </symbol>
      <symbol id="sm-2f8">
         <name>update_current_temp</name>
         <value>0x1159</value>
         <object_component_ref idref="oc-402"/>
      </symbol>
      <symbol id="sm-2f9">
         <name>set_heating_to_on</name>
         <value>0x1725</value>
         <object_component_ref idref="oc-3a9"/>
      </symbol>
      <symbol id="sm-2fa">
         <name>get_current_temp</name>
         <value>0x1771</value>
         <object_component_ref idref="oc-351"/>
      </symbol>
      <symbol id="sm-2fb">
         <name>set_cooling_to_on</name>
         <value>0x1705</value>
         <object_component_ref idref="oc-3a3"/>
      </symbol>
      <symbol id="sm-2fc">
         <name>get_system_state</name>
         <value>0x178d</value>
         <object_component_ref idref="oc-327"/>
      </symbol>
      <symbol id="sm-2fd">
         <name>set_system_state_active</name>
         <value>0x1735</value>
         <object_component_ref idref="oc-427"/>
      </symbol>
      <symbol id="sm-2fe">
         <name>should_heat</name>
         <value>0x17a9</value>
         <object_component_ref idref="oc-32d"/>
      </symbol>
      <symbol id="sm-346">
         <name>is_full</name>
         <value>0x1625</value>
         <object_component_ref idref="oc-418"/>
      </symbol>
      <symbol id="sm-347">
         <name>is_valid_cmd</name>
         <value>0xa81</value>
         <object_component_ref idref="oc-38b"/>
      </symbol>
      <symbol id="sm-348">
         <name>interpret_cmd</name>
         <value>0xec5</value>
         <object_component_ref idref="oc-397"/>
      </symbol>
      <symbol id="sm-349">
         <name>insert</name>
         <value>0x10f9</value>
         <object_component_ref idref="oc-379"/>
      </symbol>
      <symbol id="sm-34a">
         <name>null_buffer</name>
         <value>0x1031</value>
         <object_component_ref idref="oc-391"/>
      </symbol>
      <symbol id="sm-34b">
         <name>get_count</name>
         <value>0x1763</value>
         <object_component_ref idref="oc-37f"/>
      </symbol>
      <symbol id="sm-34c">
         <name>init_b</name>
         <value>0x1189</value>
         <object_component_ref idref="oc-1b9"/>
      </symbol>
      <symbol id="sm-390">
         <name>NOROM_SetupTrimDevice</name>
         <value>0x765</value>
         <object_component_ref idref="oc-4f"/>
      </symbol>
      <symbol id="sm-4a1">
         <name>NOROM_SetupGetTrimForRadcExtCfg</name>
         <value>0x1211</value>
         <object_component_ref idref="oc-18f"/>
      </symbol>
      <symbol id="sm-4a2">
         <name>NOROM_SetupGetTrimForAmpcompCtrl</name>
         <value>0xbed</value>
         <object_component_ref idref="oc-165"/>
      </symbol>
      <symbol id="sm-4a3">
         <name>NOROM_SetupSetAonRtcSubSecInc</name>
         <value>0x1099</value>
         <object_component_ref idref="oc-1a9"/>
      </symbol>
      <symbol id="sm-4a4">
         <name>NOROM_SetupGetTrimForAnabypassValue1</name>
         <value>0xc59</value>
         <object_component_ref idref="oc-141"/>
      </symbol>
      <symbol id="sm-4a5">
         <name>NOROM_SetupGetTrimForXoscHfIbiastherm</name>
         <value>0x16d5</value>
         <object_component_ref idref="oc-153"/>
      </symbol>
      <symbol id="sm-4a6">
         <name>NOROM_SetupGetTrimForRcOscLfIBiasTrim</name>
         <value>0x1535</value>
         <object_component_ref idref="oc-183"/>
      </symbol>
      <symbol id="sm-4a7">
         <name>NOROM_SetupSetCacheModeAccordingToCcfgSetting</name>
         <value>0xde5</value>
         <object_component_ref idref="oc-94"/>
      </symbol>
      <symbol id="sm-4a8">
         <name>NOROM_SetupAfterColdResetWakeupFromShutDownCfg1</name>
         <value>0x80d</value>
         <object_component_ref idref="oc-f3"/>
      </symbol>
      <symbol id="sm-4a9">
         <name>NOROM_SetupAfterColdResetWakeupFromShutDownCfg3</name>
         <value>0x215</value>
         <object_component_ref idref="oc-ff"/>
      </symbol>
      <symbol id="sm-4aa">
         <name>NOROM_SetupAfterColdResetWakeupFromShutDownCfg2</name>
         <value>0x345</value>
         <object_component_ref idref="oc-f9"/>
      </symbol>
      <symbol id="sm-4ab">
         <name>NOROM_SetupGetTrimForRcOscLfRtuneCtuneTrim</name>
         <value>0x1439</value>
         <object_component_ref idref="oc-14d"/>
      </symbol>
      <symbol id="sm-4ac">
         <name>NOROM_SetupGetTrimForXoscHfFastStart</name>
         <value>0x16c5</value>
         <object_component_ref idref="oc-197"/>
      </symbol>
      <symbol id="sm-4ad">
         <name>NOROM_SetupGetTrimForXoscLfRegulatorAndCmirrwrRatio</name>
         <value>0x154d</value>
         <object_component_ref idref="oc-189"/>
      </symbol>
      <symbol id="sm-4ae">
         <name>NOROM_SetupGetTrimForXoscHfCtl</name>
         <value>0x132d</value>
         <object_component_ref idref="oc-177"/>
      </symbol>
      <symbol id="sm-4af">
         <name>NOROM_SetupGetTrimForDblrLoopFilterResetVoltage</name>
         <value>0x151d</value>
         <object_component_ref idref="oc-17d"/>
      </symbol>
      <symbol id="sm-4b0">
         <name>NOROM_SetupGetTrimForAdcShModeEn</name>
         <value>0x14d5</value>
         <object_component_ref idref="oc-16b"/>
      </symbol>
      <symbol id="sm-4b1">
         <name>NOROM_SetupGetTrimForAdcShVbufEn</name>
         <value>0x14ed</value>
         <object_component_ref idref="oc-171"/>
      </symbol>
      <symbol id="sm-4b2">
         <name>NOROM_SetupSetVddrLevel</name>
         <value>0xb09</value>
         <object_component_ref idref="oc-13a"/>
      </symbol>
      <symbol id="sm-4b3">
         <name>NOROM_SetupGetTrimForAmpcompTh1</name>
         <value>0x1505</value>
         <object_component_ref idref="oc-15f"/>
      </symbol>
      <symbol id="sm-4b4">
         <name>NOROM_SetupGetTrimForAmpcompTh2</name>
         <value>0x141d</value>
         <object_component_ref idref="oc-159"/>
      </symbol>
      <symbol id="sm-4d3">
         <name>NOROM_TimerIntRegister</name>
         <value>0xf51</value>
         <object_component_ref idref="oc-26c"/>
      </symbol>
      <symbol id="sm-4e2">
         <name>NOROM_UARTIntRegister</name>
         <value>0x1565</value>
         <object_component_ref idref="oc-28b"/>
      </symbol>
      <symbol id="sm-50d">
         <name>NOROM_ChipInfo_GetHwRevision</name>
         <value>0xb7d</value>
         <object_component_ref idref="oc-eb"/>
      </symbol>
      <symbol id="sm-50e">
         <name>NOROM_ChipInfo_GetChipFamily</name>
         <value>0xe35</value>
         <object_component_ref idref="oc-e5"/>
      </symbol>
      <symbol id="sm-50f">
         <name>NOROM_ThisCodeIsBuiltForCC13xxHwRev20AndLater_HaltIfViolated</name>
         <value>0x163d</value>
         <object_component_ref idref="oc-8e"/>
      </symbol>
      <symbol id="sm-521">
         <name>NOROM_DDI32RegWrite</name>
         <value>0x11b9</value>
         <object_component_ref idref="oc-147"/>
      </symbol>
      <symbol id="sm-539">
         <name>NOROM_IntRegister</name>
         <value>0xfc9</value>
         <object_component_ref idref="oc-318"/>
      </symbol>
      <symbol id="sm-53a">
         <name>g_pfnRAMVectors</name>
         <value>0x20000000</value>
         <object_component_ref idref="oc-3e1"/>
      </symbol>
      <symbol id="sm-558">
         <name>NOROM_OSCClockSourceSet</name>
         <value>0xd29</value>
         <object_component_ref idref="oc-1a3"/>
      </symbol>
      <symbol id="sm-559">
         <name>NOROM_OSCClockSourceGet</name>
         <value>0x11e5</value>
         <object_component_ref idref="oc-19d"/>
      </symbol>
      <symbol id="sm-56e">
         <name>NOROM_CPUcpsie</name>
         <value>0x17c3</value>
         <object_component_ref idref="oc-228"/>
      </symbol>
      <symbol id="sm-56f">
         <name>NOROM_CPUcpsid</name>
         <value>0x17b7</value>
         <object_component_ref idref="oc-222"/>
      </symbol>
      <symbol id="sm-588">
         <name>__TI_zero_init_nomemset</name>
         <value>0x1471</value>
         <object_component_ref idref="oc-6e"/>
      </symbol>
      <symbol id="sm-59f">
         <name>__TI_decompress_none</name>
         <value>0x1755</value>
         <object_component_ref idref="oc-2c"/>
      </symbol>
      <symbol id="sm-5c2">
         <name>__TI_decompress_lzss</name>
         <value>0xcc1</value>
         <object_component_ref idref="oc-26"/>
      </symbol>
      <symbol id="sm-5d8">
         <name>rand</name>
         <value>0x1065</value>
         <object_component_ref idref="oc-3fc"/>
      </symbol>
      <symbol id="sm-5ea">
         <name>__stack</name>
         <value>0x20004f00</value>
         <object_component_ref idref="oc-37"/>
      </symbol>
      <symbol id="sm-5eb">
         <name>_c_int00</name>
         <value>0x1309</value>
         <object_component_ref idref="oc-b8"/>
      </symbol>
      <symbol id="sm-606">
         <name>memcpy</name>
         <value>0x951</value>
         <object_component_ref idref="oc-62"/>
      </symbol>
      <symbol id="sm-607">
         <name>__aeabi_memcpy</name>
         <value>0x951</value>
         <object_component_ref idref="oc-62"/>
      </symbol>
      <symbol id="sm-608">
         <name>__aeabi_memcpy8</name>
         <value>0x951</value>
         <object_component_ref idref="oc-62"/>
      </symbol>
      <symbol id="sm-609">
         <name>__aeabi_memcpy4</name>
         <value>0x951</value>
         <object_component_ref idref="oc-62"/>
      </symbol>
      <symbol id="sm-632">
         <name>__TI_auto_init_nobinit_nopinit</name>
         <value>0xf0d</value>
         <object_component_ref idref="oc-1ee"/>
      </symbol>
      <symbol id="sm-63c">
         <name>_system_pre_init</name>
         <value>0x17e9</value>
         <object_component_ref idref="oc-107"/>
      </symbol>
      <symbol id="sm-648">
         <name>C$$EXIT</name>
         <value>0x17ed</value>
         <object_component_ref idref="oc-1e2"/>
      </symbol>
      <symbol id="sm-649">
         <name>abort</name>
         <value>0x17ed</value>
         <object_component_ref idref="oc-1e2"/>
      </symbol>
      <symbol id="sm-65e">
         <name>_nop</name>
         <value>0x17cf</value>
         <object_component_ref idref="oc-3c1"/>
      </symbol>
      <symbol id="sm-65f">
         <name>_lock</name>
         <value>0x200000f4</value>
         <object_component_ref idref="oc-2e1"/>
      </symbol>
      <symbol id="sm-660">
         <name>_unlock</name>
         <value>0x200000f8</value>
         <object_component_ref idref="oc-2e1"/>
      </symbol>
      <symbol id="sm-674">
         <name>_args_main</name>
         <value>0x160d</value>
         <object_component_ref idref="oc-117"/>
      </symbol>
      <symbol id="sm-675">
         <name>__TI_static_base__</name>
         <value>0x0</value>
      </symbol>
      <symbol id="sm-678">
         <name>__mpu_init</name>
         <value>0x0</value>
      </symbol>
      <symbol id="sm-679">
         <name>_system_post_cinit</name>
         <value>0x0</value>
      </symbol>
   </symbol_table>
   <title>Link successful</title>
</link_info>
